✓ Initialized. View run at 
https://modal.com/apps/musafir42/main/ap-lVlkcIbRcqIe2FgKl3RCTq
Building image im-kMusxa5lZaMk9jG2Ay1GgJ

=> Step 0: FROM python:3.12-slim
Getting image source signatures
Copying blob sha256:fd079632edc0ab4e9d10c77ec348d5057a976e6fc508e93855548096dec2ae1e
Copying blob sha256:062e450697faa5f02a3a74eba9864ee4d79bc9cfbd65769fc6cdff2c05c6a053
Copying blob sha256:98db2485a0d07a8914586b02387e3813aa7e9fed79ab252898d3e96e21c717ea
Copying blob sha256:48347b15c85fd6dde9c5b0259f378fbaee3ce231b30a42f2f2bcc4ea0285cbc9
Copying config sha256:25c5b8011a3425a140bf5fa73be0feabd3c0d5b323eecb19dc02437a368ae075
Writing manifest to image destination
Unpacking OCI image
   • unpacking rootfs ...     
   • ... done                 
   • unpacked image rootfs: /tmp/.tmpypAbQd
Copied image in 875.52ms

=> Step 1: WORKDIR /app

=> Step 2: RUN apt-get update && apt-get install -y --no-install-recommends \
    tesseract-ocr \
    poppler-utils \
  && rm -rf /var/lib/apt/lists/*
Hit:1 http://deb.debian.org/debian trixie InRelease
Get:2 http://deb.debian.org/debian trixie-updates InRelease [47.3 kB]
Get:3 http://deb.debian.org/debian-security trixie-security InRelease [43.4 kB]
Get:4 http://deb.debian.org/debian trixie/main amd64 Packages [9673 kB]
Get:5 http://deb.debian.org/debian trixie-updates/main amd64 Packages [4412 B]
Get:6 http://deb.debian.org/debian-security trixie-security/main amd64 Packages [229 kB]
Fetched 9996 kB in 1s (11.0 MB/s)
Reading package lists...
Reading package lists...
Building dependency tree...
Reading state information...
The following additional packages will be installed:
  dirmngr fontconfig fontconfig-config fonts-dejavu-core fonts-dejavu-mono
  gnupg gnupg-l10n gpg gpg-agent gpgconf gpgsm libarchive13t64 libassuan9
  libatomic1 libbrotli1 libcairo2 libcom-err2 libcurl3t64-gnutls libcurl4t64
  libdatrie1 libdeflate0 libexpat1 libfontconfig1 libfreetype6 libfribidi0
  libgcrypt20 libgif7 libglib2.0-0t64 libgnutls30t64 libgomp1 libgpg-error0
  libgpgme11t64 libgpgmepp6t64 libgraphite2-3 libgssapi-krb5-2 libharfbuzz0b
  libicu76 libidn2-0 libjbig0 libjpeg62-turbo libk5crypto3 libkeyutils1
  libkrb5-3 libkrb5support0 libksba8 liblcms2-2 libldap2 libleptonica6
  liblerc4 libnghttp2-14 libnghttp3-9 libngtcp2-16 libngtcp2-crypto-gnutls8
  libnpth0t64 libnspr4 libnss3 libopenjp2-7 libp11-kit0 libpango-1.0-0
  libpangocairo-1.0-0 libpangoft2-1.0-0 libpixman-1-0 libpng16-16t64
  libpoppler147 libpsl5t64 librtmp1 libsasl2-2 libsasl2-modules-db
  libsharpyuv0 libssh2-1t64 libtasn1-6 libtesseract5 libthai-data libthai0
  libtiff6 libunistring5 libwebp7 libwebpmux3 libx11-6 libx11-data libxau6
  libxcb-render0 libxcb-shm0 libxcb1 libxdmcp6 libxext6 libxml2 libxrender1
  pinentry-curses tesseract-ocr-eng tesseract-ocr-osd
Suggested packages:
  dbus-user-session libpam-systemd pinentry-gnome3 tor gpg-wks-server
  parcimonie xloadimage scdaemon tpm2daemon lrzip rng-tools low-memory-monitor
  gnutls-bin krb5-doc krb5-user liblcms2-utils pinentry-doc
Recommended packages:
  gnupg-utils gpg-wks-client gpgv libglib2.0-data shared-mime-info
  xdg-user-dirs libgpg-error-l10n krb5-locales libldap-common poppler-data
  publicsuffix libsasl2-modules
The following NEW packages will be installed:
  dirmngr fontconfig fontconfig-config fonts-dejavu-core fonts-dejavu-mono
  gnupg gnupg-l10n gpg gpg-agent gpgconf gpgsm libarchive13t64 libassuan9
  libatomic1 libbrotli1 libcairo2 libcom-err2 libcurl3t64-gnutls libcurl4t64
  libdatrie1 libdeflate0 libexpat1 libfontconfig1 libfreetype6 libfribidi0
  libgcrypt20 libgif7 libglib2.0-0t64 libgnutls30t64 libgomp1 libgpg-error0
  libgpgme11t64 libgpgmepp6t64 libgraphite2-3 libgssapi-krb5-2 libharfbuzz0b
  libicu76 libidn2-0 libjbig0 libjpeg62-turbo libk5crypto3 libkeyutils1
  libkrb5-3 libkrb5support0 libksba8 liblcms2-2 libldap2 libleptonica6
  liblerc4 libnghttp2-14 libnghttp3-9 libngtcp2-16 libngtcp2-crypto-gnutls8
  libnpth0t64 libnspr4 libnss3 libopenjp2-7 libp11-kit0 libpango-1.0-0
  libpangocairo-1.0-0 libpangoft2-1.0-0 libpixman-1-0 libpng16-16t64
  libpoppler147 libpsl5t64 librtmp1 libsasl2-2 libsasl2-modules-db
  libsharpyuv0 libssh2-1t64 libtasn1-6 libtesseract5 libthai-data libthai0
  libtiff6 libunistring5 libwebp7 libwebpmux3 libx11-6 libx11-data libxau6
  libxcb-render0 libxcb-shm0 libxcb1 libxdmcp6 libxext6 libxml2 libxrender1
  pinentry-curses poppler-utils tesseract-ocr tesseract-ocr-eng
  tesseract-ocr-osd
0 upgraded, 93 newly installed, 0 to remove and 0 not upgraded.
Need to get 42.3 MB of archives.
After this operation, 132 MB of additional disk space will be used.
Get:1 http://deb.debian.org/debian-security trixie-security/main amd64 libexpat1 amd64 2.8.2-1~deb13u1 [122 kB]
Get:2 http://deb.debian.org/debian trixie/main amd64 libgpg-error0 amd64 1.51-4 [82.1 kB]
Get:3 http://deb.debian.org/debian trixie/main amd64 libassuan9 amd64 3.0.2-2 [61.5 kB]
Get:4 http://deb.debian.org/debian trixie/main amd64 libgcrypt20 amd64 1.11.0-7+deb13u1 [843 kB]
Get:5 http://deb.debian.org/debian trixie/main amd64 gpgconf amd64 2.4.7-21+deb13u1+b4 [129 kB]
Get:6 http://deb.debian.org/debian trixie/main amd64 libunistring5 amd64 1.3-2 [477 kB]
Get:7 http://deb.debian.org/debian trixie/main amd64 libidn2-0 amd64 2.3.8-2 [109 kB]
Get:8 http://deb.debian.org/debian trixie/main amd64 libp11-kit0 amd64 0.25.5-3 [425 kB]
Get:9 http://deb.debian.org/debian trixie/main amd64 libtasn1-6 amd64 4.20.0-2+deb13u1 [50.1 kB]
Get:10 http://deb.debian.org/debian trixie/main amd64 libgnutls30t64 amd64 3.8.9-3+deb13u4 [1469 kB]
Get:11 http://deb.debian.org/debian trixie/main amd64 libksba8 amd64 1.6.7-2+b1 [136 kB]
Get:12 http://deb.debian.org/debian trixie/main amd64 libsasl2-modules-db amd64 2.1.28+dfsg1-9 [19.8 kB]
Get:13 http://deb.debian.org/debian trixie/main amd64 libsasl2-2 amd64 2.1.28+dfsg1-9 [57.5 kB]
Get:14 http://deb.debian.org/debian trixie/main amd64 libldap2 amd64 2.6.10+dfsg-1 [194 kB]
Get:15 http://deb.debian.org/debian trixie/main amd64 libnpth0t64 amd64 1.8-3 [23.2 kB]
Get:16 http://deb.debian.org/debian trixie/main amd64 dirmngr amd64 2.4.7-21+deb13u1+b4 [384 kB]
Get:17 http://deb.debian.org/debian trixie/main amd64 libbrotli1 amd64 1.1.0-2+b7 [307 kB]
Get:18 http://deb.debian.org/debian trixie/main amd64 libpng16-16t64 amd64 1.6.48-1+deb13u5 [283 kB]
Get:19 http://deb.debian.org/debian trixie/main amd64 libfreetype6 amd64 2.13.3+dfsg-1+deb13u1 [452 kB]
Get:20 http://deb.debian.org/debian trixie/main amd64 fonts-dejavu-mono all 2.37-8 [489 kB]
Get:21 http://deb.debian.org/debian trixie/main amd64 fonts-dejavu-core all 2.37-8 [840 kB]
Get:22 http://deb.debian.org/debian trixie/main amd64 fontconfig-config amd64 2.15.0-2.3 [318 kB]
Get:23 http://deb.debian.org/debian trixie/main amd64 libfontconfig1 amd64 2.15.0-2.3 [392 kB]
Get:24 http://deb.debian.org/debian trixie/main amd64 fontconfig amd64 2.15.0-2.3 [463 kB]
Get:25 http://deb.debian.org/debian trixie/main amd64 gnupg-l10n all 2.4.7-21+deb13u1 [749 kB]
Get:26 http://deb.debian.org/debian trixie/main amd64 gpg amd64 2.4.7-21+deb13u1+b4 [634 kB]
Get:27 http://deb.debian.org/debian trixie/main amd64 pinentry-curses amd64 1.3.1-2 [86.4 kB]
Get:28 http://deb.debian.org/debian trixie/main amd64 gpg-agent amd64 2.4.7-21+deb13u1+b4 [271 kB]
Get:29 http://deb.debian.org/debian trixie/main amd64 gpgsm amd64 2.4.7-21+deb13u1+b4 [276 kB]
Get:30 http://deb.debian.org/debian trixie/main amd64 gnupg all 2.4.7-21+deb13u1 [417 kB]
Get:31 http://deb.debian.org/debian trixie/main amd64 libxml2 amd64 2.12.7+dfsg+really2.9.14-2.1+deb13u3 [700 kB]
Get:32 http://deb.debian.org/debian trixie/main amd64 libarchive13t64 amd64 3.7.4-4+deb13u1 [350 kB]
Get:33 http://deb.debian.org/debian trixie/main amd64 libatomic1 amd64 14.2.0-19 [9308 B]
Get:34 http://deb.debian.org/debian trixie/main amd64 libpixman-1-0 amd64 0.44.0-3 [248 kB]
Get:35 http://deb.debian.org/debian trixie/main amd64 libxau6 amd64 1:1.0.11-1 [20.4 kB]
Get:36 http://deb.debian.org/debian trixie/main amd64 libxdmcp6 amd64 1:1.1.5-1 [27.8 kB]
Get:37 http://deb.debian.org/debian trixie/main amd64 libxcb1 amd64 1.17.0-2+b1 [144 kB]
Get:38 http://deb.debian.org/debian trixie/main amd64 libx11-data all 2:1.8.12-1 [343 kB]
Get:39 http://deb.debian.org/debian trixie/main amd64 libx11-6 amd64 2:1.8.12-1 [815 kB]
Get:40 http://deb.debian.org/debian trixie/main amd64 libxcb-render0 amd64 1.17.0-2+b1 [115 kB]
Get:41 http://deb.debian.org/debian trixie/main amd64 libxcb-shm0 amd64 1.17.0-2+b1 [105 kB]
Get:42 http://deb.debian.org/debian trixie/main amd64 libxext6 amd64 2:1.3.4-1+b3 [50.4 kB]
Get:43 http://deb.debian.org/debian trixie/main amd64 libxrender1 amd64 1:0.9.12-1 [27.9 kB]
Get:44 http://deb.debian.org/debian trixie/main amd64 libcairo2 amd64 1.18.4-1+b1 [538 kB]
Get:45 http://deb.debian.org/debian trixie/main amd64 libcom-err2 amd64 1.47.2-3+b11 [25.0 kB]
Get:46 http://deb.debian.org/debian trixie/main amd64 libkrb5support0 amd64 1.21.3-5+deb13u1 [33.1 kB]
Get:47 http://deb.debian.org/debian trixie/main amd64 libk5crypto3 amd64 1.21.3-5+deb13u1 [81.2 kB]
Get:48 http://deb.debian.org/debian trixie/main amd64 libkeyutils1 amd64 1.6.3-6 [9456 B]
Get:49 http://deb.debian.org/debian trixie/main amd64 libkrb5-3 amd64 1.21.3-5+deb13u1 [326 kB]
Get:50 http://deb.debian.org/debian trixie/main amd64 libgssapi-krb5-2 amd64 1.21.3-5+deb13u1 [138 kB]
Get:51 http://deb.debian.org/debian trixie/main amd64 libnghttp2-14 amd64 1.64.0-1.1+deb13u1 [76.2 kB]
Get:52 http://deb.debian.org/debian trixie/main amd64 libnghttp3-9 amd64 1.8.0-1 [67.7 kB]
Get:53 http://deb.debian.org/debian trixie/main amd64 libngtcp2-16 amd64 1.11.0-1+deb13u1 [132 kB]
Get:54 http://deb.debian.org/debian trixie/main amd64 libngtcp2-crypto-gnutls8 amd64 1.11.0-1+deb13u1 [29.5 kB]
Get:55 http://deb.debian.org/debian trixie/main amd64 libpsl5t64 amd64 0.21.2-1.1+b1 [57.2 kB]
Get:56 http://deb.debian.org/debian trixie/main amd64 librtmp1 amd64 2.4+20151223.gitfa8646d.1-2+b5 [58.8 kB]
Get:57 http://deb.debian.org/debian trixie/main amd64 libssh2-1t64 amd64 1.11.1-1+deb13u1 [245 kB]
Get:58 http://deb.debian.org/debian trixie/main amd64 libcurl3t64-gnutls amd64 8.14.1-2+deb13u4 [384 kB]
Get:59 http://deb.debian.org/debian trixie/main amd64 libcurl4t64 amd64 8.14.1-2+deb13u4 [392 kB]
Get:60 http://deb.debian.org/debian trixie/main amd64 libdatrie1 amd64 0.2.13-3+b1 [38.1 kB]
Get:61 http://deb.debian.org/debian trixie/main amd64 libdeflate0 amd64 1.23-2 [47.3 kB]
Get:62 http://deb.debian.org/debian trixie/main amd64 libfribidi0 amd64 1.0.16-1 [26.5 kB]
Get:63 http://deb.debian.org/debian trixie/main amd64 libgif7 amd64 5.2.2-1+deb13u1 [44.1 kB]
Get:64 http://deb.debian.org/debian trixie/main amd64 libglib2.0-0t64 amd64 2.84.4-3~deb13u3 [1519 kB]
Get:65 http://deb.debian.org/debian trixie/main amd64 libgomp1 amd64 14.2.0-19 [137 kB]
Get:66 http://deb.debian.org/debian trixie/main amd64 libgpgme11t64 amd64 1.24.2-3 [346 kB]
Get:67 http://deb.debian.org/debian trixie/main amd64 libgpgmepp6t64 amd64 1.24.2-3 [341 kB]
Get:68 http://deb.debian.org/debian trixie/main amd64 libgraphite2-3 amd64 1.3.14-2+deb13u1 [75.2 kB]
Get:69 http://deb.debian.org/debian trixie/main amd64 libharfbuzz0b amd64 10.2.0-1+deb13u1 [479 kB]
Get:70 http://deb.debian.org/debian trixie/main amd64 libicu76 amd64 76.1-4 [9722 kB]
Get:71 http://deb.debian.org/debian trixie/main amd64 libjbig0 amd64 2.1-6.1+b2 [32.1 kB]
Get:72 http://deb.debian.org/debian trixie/main amd64 libjpeg62-turbo amd64 1:2.1.5-4 [168 kB]
Get:73 http://deb.debian.org/debian trixie/main amd64 liblcms2-2 amd64 2.16-2+deb13u2 [160 kB]
Get:74 http://deb.debian.org/debian trixie/main amd64 libopenjp2-7 amd64 2.5.3-2.1~deb13u2 [205 kB]
Get:75 http://deb.debian.org/debian trixie/main amd64 liblerc4 amd64 4.0.0+ds-5 [183 kB]
Get:76 http://deb.debian.org/debian trixie/main amd64 libsharpyuv0 amd64 1.5.0-0.1 [116 kB]
Get:77 http://deb.debian.org/debian trixie/main amd64 libwebp7 amd64 1.5.0-0.1 [318 kB]
Get:78 http://deb.debian.org/debian-security trixie-security/main amd64 libtiff6 amd64 4.7.0-3+deb13u3 [345 kB]
Get:79 http://deb.debian.org/debian trixie/main amd64 libwebpmux3 amd64 1.5.0-0.1 [126 kB]
Get:80 http://deb.debian.org/debian trixie/main amd64 libleptonica6 amd64 1.84.1-4 [1066 kB]
Get:81 http://deb.debian.org/debian trixie/main amd64 libnspr4 amd64 2:4.36-1 [110 kB]
Get:82 http://deb.debian.org/debian-security trixie-security/main amd64 libnss3 amd64 2:3.110-1+deb13u4 [1394 kB]
Get:83 http://deb.debian.org/debian trixie/main amd64 libthai-data all 0.1.29-2 [168 kB]
Get:84 http://deb.debian.org/debian trixie/main amd64 libthai0 amd64 0.1.29-2+b1 [49.4 kB]
Get:85 http://deb.debian.org/debian trixie/main amd64 libpango-1.0-0 amd64 1.56.3-1 [226 kB]
Get:86 http://deb.debian.org/debian trixie/main amd64 libpangoft2-1.0-0 amd64 1.56.3-1 [55.6 kB]
Get:87 http://deb.debian.org/debian trixie/main amd64 libpangocairo-1.0-0 amd64 1.56.3-1 [35.7 kB]
Get:88 http://deb.debian.org/debian trixie/main amd64 libpoppler147 amd64 25.03.0-5+deb13u4 [2036 kB]
Get:89 http://deb.debian.org/debian trixie/main amd64 libtesseract5 amd64 5.5.0-1+b1 [1417 kB]
Get:90 http://deb.debian.org/debian trixie/main amd64 poppler-utils amd64 25.03.0-5+deb13u4 [213 kB]
Get:91 http://deb.debian.org/debian trixie/main amd64 tesseract-ocr-eng all 1:4.1.0-2 [1594 kB]
Get:92 http://deb.debian.org/debian trixie/main amd64 tesseract-ocr-osd all 1:4.1.0-2 [2992 kB]
Get:93 http://deb.debian.org/debian trixie/main amd64 tesseract-ocr amd64 5.5.0-1+b1 [439 kB]
debconf: unable to initialize frontend: Dialog
debconf: (No usable dialog-like program is installed, so the dialog based frontend cannot be used. at /usr/share/perl5/Debconf/FrontEnd/Dialog.pm line 79, <STDIN> line 93.)
debconf: falling back to frontend: Readline
debconf: unable to initialize frontend: Readline
debconf: (Can't locate Term/ReadLine.pm in @INC (you may need to install the Term::ReadLine module) (@INC entries checked: /etc/perl /usr/local/lib/x86_64-linux-gnu/perl/5.40.1 /usr/local/share/perl/5.40.1 /usr/lib/x86_64-linux-gnu/perl5/5.40 /usr/share/perl5 /usr/lib/x86_64-linux-gnu/perl-base /usr/lib/x86_64-linux-gnu/perl/5.40 /usr/share/perl/5.40 /usr/local/lib/site_perl) at /usr/share/perl5/Debconf/FrontEnd/Readline.pm line 8, <STDIN> line 93.)
debconf: falling back to frontend: Teletype
debconf: unable to initialize frontend: Teletype
debconf: (This frontend requires a controlling tty.)
debconf: falling back to frontend: Noninteractive
Preconfiguring packages ...
Fetched 42.3 MB in 0s (110 MB/s)
Selecting previously unselected package libexpat1:amd64.
(Reading database ... 
[1A(Reading database ... 5%
[1A(Reading database ... 10%
[1A(Reading database ... 15%
[1A(Reading database ... 20%
[1A(Reading database ... 25%
[1A
[1A(Reading database ... 30%
[1A(Reading database ... 35%(Reading database ... 40%
[1A(Reading database ... 45%(Reading database ... 50%
[1A(Reading database ... 55%
[1A(Reading database ... 60%(Reading database ... 65%
[1A(Reading database ... 70%(Reading database ... 75%
[1A(Reading database ... 80%(Reading database ... 85%
[1A(Reading database ... 90%
[1A(Reading database ... 95%(Reading database ... 100%
[1A(Reading database ... 5645 files and directories currently installed.)
Preparing to unpack .../00-libexpat1_2.8.2-1~deb13u1_amd64.deb ...
Unpacking libexpat1:amd64 (2.8.2-1~deb13u1) ...
Selecting previously unselected package libgpg-error0:amd64.
Preparing to unpack .../01-libgpg-error0_1.51-4_amd64.deb ...
Unpacking libgpg-error0:amd64 (1.51-4) ...
Selecting previously unselected package libassuan9:amd64.
Preparing to unpack .../02-libassuan9_3.0.2-2_amd64.deb ...
Unpacking libassuan9:amd64 (3.0.2-2) ...
Selecting previously unselected package libgcrypt20:amd64.
Preparing to unpack .../03-libgcrypt20_1.11.0-7+deb13u1_amd64.deb ...
Unpacking libgcrypt20:amd64 (1.11.0-7+deb13u1) ...
Selecting previously unselected package gpgconf.
Preparing to unpack .../04-gpgconf_2.4.7-21+deb13u1+b4_amd64.deb ...
Unpacking gpgconf (2.4.7-21+deb13u1+b4) ...
Selecting previously unselected package libunistring5:amd64.
Preparing to unpack .../05-libunistring5_1.3-2_amd64.deb ...
Unpacking libunistring5:amd64 (1.3-2) ...
Selecting previously unselected package libidn2-0:amd64.
Preparing to unpack .../06-libidn2-0_2.3.8-2_amd64.deb ...
Unpacking libidn2-0:amd64 (2.3.8-2) ...
Selecting previously unselected package libp11-kit0:amd64.
Preparing to unpack .../07-libp11-kit0_0.25.5-3_amd64.deb ...
Unpacking libp11-kit0:amd64 (0.25.5-3) ...
Selecting previously unselected package libtasn1-6:amd64.
Preparing to unpack .../08-libtasn1-6_4.20.0-2+deb13u1_amd64.deb ...
Unpacking libtasn1-6:amd64 (4.20.0-2+deb13u1) ...
Selecting previously unselected package libgnutls30t64:amd64.
Preparing to unpack .../09-libgnutls30t64_3.8.9-3+deb13u4_amd64.deb ...
Unpacking libgnutls30t64:amd64 (3.8.9-3+deb13u4) ...
Selecting previously unselected package libksba8:amd64.
Preparing to unpack .../10-libksba8_1.6.7-2+b1_amd64.deb ...
Unpacking libksba8:amd64 (1.6.7-2+b1) ...
Selecting previously unselected package libsasl2-modules-db:amd64.
Preparing to unpack .../11-libsasl2-modules-db_2.1.28+dfsg1-9_amd64.deb ...
Unpacking libsasl2-modules-db:amd64 (2.1.28+dfsg1-9) ...
Selecting previously unselected package libsasl2-2:amd64.
Preparing to unpack .../12-libsasl2-2_2.1.28+dfsg1-9_amd64.deb ...
Unpacking libsasl2-2:amd64 (2.1.28+dfsg1-9) ...
Selecting previously unselected package libldap2:amd64.
Preparing to unpack .../13-libldap2_2.6.10+dfsg-1_amd64.deb ...
Unpacking libldap2:amd64 (2.6.10+dfsg-1) ...
Selecting previously unselected package libnpth0t64:amd64.
Preparing to unpack .../14-libnpth0t64_1.8-3_amd64.deb ...
Unpacking libnpth0t64:amd64 (1.8-3) ...
Selecting previously unselected package dirmngr.
Preparing to unpack .../15-dirmngr_2.4.7-21+deb13u1+b4_amd64.deb ...
Unpacking dirmngr (2.4.7-21+deb13u1+b4) ...
Selecting previously unselected package libbrotli1:amd64.
Preparing to unpack .../16-libbrotli1_1.1.0-2+b7_amd64.deb ...
Unpacking libbrotli1:amd64 (1.1.0-2+b7) ...
Selecting previously unselected package libpng16-16t64:amd64.
Preparing to unpack .../17-libpng16-16t64_1.6.48-1+deb13u5_amd64.deb ...
Unpacking libpng16-16t64:amd64 (1.6.48-1+deb13u5) ...
Selecting previously unselected package libfreetype6:amd64.
Preparing to unpack .../18-libfreetype6_2.13.3+dfsg-1+deb13u1_amd64.deb ...
Unpacking libfreetype6:amd64 (2.13.3+dfsg-1+deb13u1) ...
Selecting previously unselected package fonts-dejavu-mono.
Preparing to unpack .../19-fonts-dejavu-mono_2.37-8_all.deb ...
Unpacking fonts-dejavu-mono (2.37-8) ...
Selecting previously unselected package fonts-dejavu-core.
Preparing to unpack .../20-fonts-dejavu-core_2.37-8_all.deb ...
Unpacking fonts-dejavu-core (2.37-8) ...
Selecting previously unselected package fontconfig-config.
Preparing to unpack .../21-fontconfig-config_2.15.0-2.3_amd64.deb ...
Unpacking fontconfig-config (2.15.0-2.3) ...
Selecting previously unselected package libfontconfig1:amd64.
Preparing to unpack .../22-libfontconfig1_2.15.0-2.3_amd64.deb ...
Unpacking libfontconfig1:amd64 (2.15.0-2.3) ...
Selecting previously unselected package fontconfig.
Preparing to unpack .../23-fontconfig_2.15.0-2.3_amd64.deb ...
Unpacking fontconfig (2.15.0-2.3) ...
Selecting previously unselected package gnupg-l10n.
Preparing to unpack .../24-gnupg-l10n_2.4.7-21+deb13u1_all.deb ...
Unpacking gnupg-l10n (2.4.7-21+deb13u1) ...
Selecting previously unselected package gpg.
Preparing to unpack .../25-gpg_2.4.7-21+deb13u1+b4_amd64.deb ...
Unpacking gpg (2.4.7-21+deb13u1+b4) ...
Selecting previously unselected package pinentry-curses.
Preparing to unpack .../26-pinentry-curses_1.3.1-2_amd64.deb ...
Unpacking pinentry-curses (1.3.1-2) ...
Selecting previously unselected package gpg-agent.
Preparing to unpack .../27-gpg-agent_2.4.7-21+deb13u1+b4_amd64.deb ...
Unpacking gpg-agent (2.4.7-21+deb13u1+b4) ...
Selecting previously unselected package gpgsm.
Preparing to unpack .../28-gpgsm_2.4.7-21+deb13u1+b4_amd64.deb ...
Unpacking gpgsm (2.4.7-21+deb13u1+b4) ...
Selecting previously unselected package gnupg.
Preparing to unpack .../29-gnupg_2.4.7-21+deb13u1_all.deb ...
Unpacking gnupg (2.4.7-21+deb13u1) ...
Selecting previously unselected package libxml2:amd64.
Preparing to unpack .../30-libxml2_2.12.7+dfsg+really2.9.14-2.1+deb13u3_amd64.deb ...
Unpacking libxml2:amd64 (2.12.7+dfsg+really2.9.14-2.1+deb13u3) ...
Selecting previously unselected package libarchive13t64:amd64.
Preparing to unpack .../31-libarchive13t64_3.7.4-4+deb13u1_amd64.deb ...
Unpacking libarchive13t64:amd64 (3.7.4-4+deb13u1) ...
Selecting previously unselected package libatomic1:amd64.
Preparing to unpack .../32-libatomic1_14.2.0-19_amd64.deb ...
Unpacking libatomic1:amd64 (14.2.0-19) ...
Selecting previously unselected package libpixman-1-0:amd64.
Preparing to unpack .../33-libpixman-1-0_0.44.0-3_amd64.deb ...
Unpacking libpixman-1-0:amd64 (0.44.0-3) ...
Selecting previously unselected package libxau6:amd64.
Preparing to unpack .../34-libxau6_1%3a1.0.11-1_amd64.deb ...
Unpacking libxau6:amd64 (1:1.0.11-1) ...
Selecting previously unselected package libxdmcp6:amd64.
Preparing to unpack .../35-libxdmcp6_1%3a1.1.5-1_amd64.deb ...
Unpacking libxdmcp6:amd64 (1:1.1.5-1) ...
Selecting previously unselected package libxcb1:amd64.
Preparing to unpack .../36-libxcb1_1.17.0-2+b1_amd64.deb ...
Unpacking libxcb1:amd64 (1.17.0-2+b1) ...
Selecting previously unselected package libx11-data.
Preparing to unpack .../37-libx11-data_2%3a1.8.12-1_all.deb ...
Unpacking libx11-data (2:1.8.12-1) ...
Selecting previously unselected package libx11-6:amd64.
Preparing to unpack .../38-libx11-6_2%3a1.8.12-1_amd64.deb ...
Unpacking libx11-6:amd64 (2:1.8.12-1) ...
Selecting previously unselected package libxcb-render0:amd64.
Preparing to unpack .../39-libxcb-render0_1.17.0-2+b1_amd64.deb ...
Unpacking libxcb-render0:amd64 (1.17.0-2+b1) ...
Selecting previously unselected package libxcb-shm0:amd64.
Preparing to unpack .../40-libxcb-shm0_1.17.0-2+b1_amd64.deb ...
Unpacking libxcb-shm0:amd64 (1.17.0-2+b1) ...
Selecting previously unselected package libxext6:amd64.
Preparing to unpack .../41-libxext6_2%3a1.3.4-1+b3_amd64.deb ...
Unpacking libxext6:amd64 (2:1.3.4-1+b3) ...
Selecting previously unselected package libxrender1:amd64.
Preparing to unpack .../42-libxrender1_1%3a0.9.12-1_amd64.deb ...
Unpacking libxrender1:amd64 (1:0.9.12-1) ...
Selecting previously unselected package libcairo2:amd64.
Preparing to unpack .../43-libcairo2_1.18.4-1+b1_amd64.deb ...
Unpacking libcairo2:amd64 (1.18.4-1+b1) ...
Selecting previously unselected package libcom-err2:amd64.
Preparing to unpack .../44-libcom-err2_1.47.2-3+b11_amd64.deb ...
Unpacking libcom-err2:amd64 (1.47.2-3+b11) ...
Selecting previously unselected package libkrb5support0:amd64.
Preparing to unpack .../45-libkrb5support0_1.21.3-5+deb13u1_amd64.deb ...
Unpacking libkrb5support0:amd64 (1.21.3-5+deb13u1) ...
Selecting previously unselected package libk5crypto3:amd64.
Preparing to unpack .../46-libk5crypto3_1.21.3-5+deb13u1_amd64.deb ...
Unpacking libk5crypto3:amd64 (1.21.3-5+deb13u1) ...
Selecting previously unselected package libkeyutils1:amd64.
Preparing to unpack .../47-libkeyutils1_1.6.3-6_amd64.deb ...
Unpacking libkeyutils1:amd64 (1.6.3-6) ...
Selecting previously unselected package libkrb5-3:amd64.
Preparing to unpack .../48-libkrb5-3_1.21.3-5+deb13u1_amd64.deb ...
Unpacking libkrb5-3:amd64 (1.21.3-5+deb13u1) ...
Selecting previously unselected package libgssapi-krb5-2:amd64.
Preparing to unpack .../49-libgssapi-krb5-2_1.21.3-5+deb13u1_amd64.deb ...
Unpacking libgssapi-krb5-2:amd64 (1.21.3-5+deb13u1) ...
Selecting previously unselected package libnghttp2-14:amd64.
Preparing to unpack .../50-libnghttp2-14_1.64.0-1.1+deb13u1_amd64.deb ...
Unpacking libnghttp2-14:amd64 (1.64.0-1.1+deb13u1) ...
Selecting previously unselected package libnghttp3-9:amd64.
Preparing to unpack .../51-libnghttp3-9_1.8.0-1_amd64.deb ...
Unpacking libnghttp3-9:amd64 (1.8.0-1) ...
Selecting previously unselected package libngtcp2-16:amd64.
Preparing to unpack .../52-libngtcp2-16_1.11.0-1+deb13u1_amd64.deb ...
Unpacking libngtcp2-16:amd64 (1.11.0-1+deb13u1) ...
Selecting previously unselected package libngtcp2-crypto-gnutls8:amd64.
Preparing to unpack .../53-libngtcp2-crypto-gnutls8_1.11.0-1+deb13u1_amd64.deb ...
Unpacking libngtcp2-crypto-gnutls8:amd64 (1.11.0-1+deb13u1) ...
Selecting previously unselected package libpsl5t64:amd64.
Preparing to unpack .../54-libpsl5t64_0.21.2-1.1+b1_amd64.deb ...
Unpacking libpsl5t64:amd64 (0.21.2-1.1+b1) ...
Selecting previously unselected package librtmp1:amd64.
Preparing to unpack .../55-librtmp1_2.4+20151223.gitfa8646d.1-2+b5_amd64.deb ...
Unpacking librtmp1:amd64 (2.4+20151223.gitfa8646d.1-2+b5) ...
Selecting previously unselected package libssh2-1t64:amd64.
Preparing to unpack .../56-libssh2-1t64_1.11.1-1+deb13u1_amd64.deb ...
Unpacking libssh2-1t64:amd64 (1.11.1-1+deb13u1) ...
Selecting previously unselected package libcurl3t64-gnutls:amd64.
Preparing to unpack .../57-libcurl3t64-gnutls_8.14.1-2+deb13u4_amd64.deb ...
Unpacking libcurl3t64-gnutls:amd64 (8.14.1-2+deb13u4) ...
Selecting previously unselected package libcurl4t64:amd64.
Preparing to unpack .../58-libcurl4t64_8.14.1-2+deb13u4_amd64.deb ...
Unpacking libcurl4t64:amd64 (8.14.1-2+deb13u4) ...
Selecting previously unselected package libdatrie1:amd64.
Preparing to unpack .../59-libdatrie1_0.2.13-3+b1_amd64.deb ...
Unpacking libdatrie1:amd64 (0.2.13-3+b1) ...
Selecting previously unselected package libdeflate0:amd64.
Preparing to unpack .../60-libdeflate0_1.23-2_amd64.deb ...
Unpacking libdeflate0:amd64 (1.23-2) ...
Selecting previously unselected package libfribidi0:amd64.
Preparing to unpack .../61-libfribidi0_1.0.16-1_amd64.deb ...
Unpacking libfribidi0:amd64 (1.0.16-1) ...
Selecting previously unselected package libgif7:amd64.
Preparing to unpack .../62-libgif7_5.2.2-1+deb13u1_amd64.deb ...
Unpacking libgif7:amd64 (5.2.2-1+deb13u1) ...
Selecting previously unselected package libglib2.0-0t64:amd64.
Preparing to unpack .../63-libglib2.0-0t64_2.84.4-3~deb13u3_amd64.deb ...
Unpacking libglib2.0-0t64:amd64 (2.84.4-3~deb13u3) ...
Selecting previously unselected package libgomp1:amd64.
Preparing to unpack .../64-libgomp1_14.2.0-19_amd64.deb ...
Unpacking libgomp1:amd64 (14.2.0-19) ...
Selecting previously unselected package libgpgme11t64:amd64.
Preparing to unpack .../65-libgpgme11t64_1.24.2-3_amd64.deb ...
Unpacking libgpgme11t64:amd64 (1.24.2-3) ...
Selecting previously unselected package libgpgmepp6t64:amd64.
Preparing to unpack .../66-libgpgmepp6t64_1.24.2-3_amd64.deb ...
Unpacking libgpgmepp6t64:amd64 (1.24.2-3) ...
Selecting previously unselected package libgraphite2-3:amd64.
Preparing to unpack .../67-libgraphite2-3_1.3.14-2+deb13u1_amd64.deb ...
Unpacking libgraphite2-3:amd64 (1.3.14-2+deb13u1) ...
Selecting previously unselected package libharfbuzz0b:amd64.
Preparing to unpack .../68-libharfbuzz0b_10.2.0-1+deb13u1_amd64.deb ...
Unpacking libharfbuzz0b:amd64 (10.2.0-1+deb13u1) ...
Selecting previously unselected package libicu76:amd64.
Preparing to unpack .../69-libicu76_76.1-4_amd64.deb ...
Unpacking libicu76:amd64 (76.1-4) ...
Selecting previously unselected package libjbig0:amd64.
Preparing to unpack .../70-libjbig0_2.1-6.1+b2_amd64.deb ...
Unpacking libjbig0:amd64 (2.1-6.1+b2) ...
Selecting previously unselected package libjpeg62-turbo:amd64.
Preparing to unpack .../71-libjpeg62-turbo_1%3a2.1.5-4_amd64.deb ...
Unpacking libjpeg62-turbo:amd64 (1:2.1.5-4) ...
Selecting previously unselected package liblcms2-2:amd64.
Preparing to unpack .../72-liblcms2-2_2.16-2+deb13u2_amd64.deb ...
Unpacking liblcms2-2:amd64 (2.16-2+deb13u2) ...
Selecting previously unselected package libopenjp2-7:amd64.
Preparing to unpack .../73-libopenjp2-7_2.5.3-2.1~deb13u2_amd64.deb ...
Unpacking libopenjp2-7:amd64 (2.5.3-2.1~deb13u2) ...
Selecting previously unselected package liblerc4:amd64.
Preparing to unpack .../74-liblerc4_4.0.0+ds-5_amd64.deb ...
Unpacking liblerc4:amd64 (4.0.0+ds-5) ...
Selecting previously unselected package libsharpyuv0:amd64.
Preparing to unpack .../75-libsharpyuv0_1.5.0-0.1_amd64.deb ...
Unpacking libsharpyuv0:amd64 (1.5.0-0.1) ...
Selecting previously unselected package libwebp7:amd64.
Preparing to unpack .../76-libwebp7_1.5.0-0.1_amd64.deb ...
Unpacking libwebp7:amd64 (1.5.0-0.1) ...
Selecting previously unselected package libtiff6:amd64.
Preparing to unpack .../77-libtiff6_4.7.0-3+deb13u3_amd64.deb ...
Unpacking libtiff6:amd64 (4.7.0-3+deb13u3) ...
Selecting previously unselected package libwebpmux3:amd64.
Preparing to unpack .../78-libwebpmux3_1.5.0-0.1_amd64.deb ...
Unpacking libwebpmux3:amd64 (1.5.0-0.1) ...
Selecting previously unselected package libleptonica6:amd64.
Preparing to unpack .../79-libleptonica6_1.84.1-4_amd64.deb ...
Unpacking libleptonica6:amd64 (1.84.1-4) ...
Selecting previously unselected package libnspr4:amd64.
Preparing to unpack .../80-libnspr4_2%3a4.36-1_amd64.deb ...
Unpacking libnspr4:amd64 (2:4.36-1) ...
Selecting previously unselected package libnss3:amd64.
Preparing to unpack .../81-libnss3_2%3a3.110-1+deb13u4_amd64.deb ...
Unpacking libnss3:amd64 (2:3.110-1+deb13u4) ...
Selecting previously unselected package libthai-data.
Preparing to unpack .../82-libthai-data_0.1.29-2_all.deb ...
Unpacking libthai-data (0.1.29-2) ...
Selecting previously unselected package libthai0:amd64.
Preparing to unpack .../83-libthai0_0.1.29-2+b1_amd64.deb ...
Unpacking libthai0:amd64 (0.1.29-2+b1) ...
Selecting previously unselected package libpango-1.0-0:amd64.
Preparing to unpack .../84-libpango-1.0-0_1.56.3-1_amd64.deb ...
Unpacking libpango-1.0-0:amd64 (1.56.3-1) ...
Selecting previously unselected package libpangoft2-1.0-0:amd64.
Preparing to unpack .../85-libpangoft2-1.0-0_1.56.3-1_amd64.deb ...
Unpacking libpangoft2-1.0-0:amd64 (1.56.3-1) ...
Selecting previously unselected package libpangocairo-1.0-0:amd64.
Preparing to unpack .../86-libpangocairo-1.0-0_1.56.3-1_amd64.deb ...
Unpacking libpangocairo-1.0-0:amd64 (1.56.3-1) ...
Selecting previously unselected package libpoppler147:amd64.
Preparing to unpack .../87-libpoppler147_25.03.0-5+deb13u4_amd64.deb ...
Unpacking libpoppler147:amd64 (25.03.0-5+deb13u4) ...
Selecting previously unselected package libtesseract5:amd64.
Preparing to unpack .../88-libtesseract5_5.5.0-1+b1_amd64.deb ...
Unpacking libtesseract5:amd64 (5.5.0-1+b1) ...
Selecting previously unselected package poppler-utils.
Preparing to unpack .../89-poppler-utils_25.03.0-5+deb13u4_amd64.deb ...
Unpacking poppler-utils (25.03.0-5+deb13u4) ...
Selecting previously unselected package tesseract-ocr-eng.
Preparing to unpack .../90-tesseract-ocr-eng_1%3a4.1.0-2_all.deb ...
Unpacking tesseract-ocr-eng (1:4.1.0-2) ...
Selecting previously unselected package tesseract-ocr-osd.
Preparing to unpack .../91-tesseract-ocr-osd_1%3a4.1.0-2_all.deb ...
Unpacking tesseract-ocr-osd (1:4.1.0-2) ...
Selecting previously unselected package tesseract-ocr.
Preparing to unpack .../92-tesseract-ocr_5.5.0-1+b1_amd64.deb ...
Unpacking tesseract-ocr (5.5.0-1+b1) ...
Setting up libexpat1:amd64 (2.8.2-1~deb13u1) ...
Setting up libgraphite2-3:amd64 (1.3.14-2+deb13u1) ...
Setting up liblcms2-2:amd64 (2.16-2+deb13u2) ...
Setting up libpixman-1-0:amd64 (0.44.0-3) ...
Setting up libsharpyuv0:amd64 (1.5.0-0.1) ...
Setting up libxau6:amd64 (1:1.0.11-1) ...
Setting up libxdmcp6:amd64 (1:1.1.5-1) ...
Setting up libnpth0t64:amd64 (1.8-3) ...
Setting up libkeyutils1:amd64 (1.6.3-6) ...
Setting up libxcb1:amd64 (1.17.0-2+b1) ...
Setting up liblerc4:amd64 (4.0.0+ds-5) ...
Setting up libgpg-error0:amd64 (1.51-4) ...
Setting up libdatrie1:amd64 (0.2.13-3+b1) ...
Setting up libxcb-render0:amd64 (1.17.0-2+b1) ...
Setting up libbrotli1:amd64 (1.1.0-2+b7) ...
Setting up libnghttp2-14:amd64 (1.64.0-1.1+deb13u1) ...
Setting up libdeflate0:amd64 (1.23-2) ...
Setting up tesseract-ocr-eng (1:4.1.0-2) ...
Setting up libgcrypt20:amd64 (1.11.0-7+deb13u1) ...
Setting up libxcb-shm0:amd64 (1.17.0-2+b1) ...
Setting up libcom-err2:amd64 (1.47.2-3+b11) ...
Setting up libgomp1:amd64 (14.2.0-19) ...
Setting up libjbig0:amd64 (2.1-6.1+b2) ...
Setting up libkrb5support0:amd64 (1.21.3-5+deb13u1) ...
Setting up libsasl2-modules-db:amd64 (2.1.28+dfsg1-9) ...
Setting up libjpeg62-turbo:amd64 (1:2.1.5-4) ...
Setting up libx11-data (2:1.8.12-1) ...
Setting up libnspr4:amd64 (2:4.36-1) ...
Setting up gnupg-l10n (2.4.7-21+deb13u1) ...
Setting up libfribidi0:amd64 (1.0.16-1) ...
Setting up libp11-kit0:amd64 (0.25.5-3) ...
Setting up libunistring5:amd64 (1.3-2) ...
Setting up fonts-dejavu-mono (2.37-8) ...
Setting up libpng16-16t64:amd64 (1.6.48-1+deb13u5) ...
Setting up libatomic1:amd64 (14.2.0-19) ...
Setting up fonts-dejavu-core (2.37-8) ...
Setting up libk5crypto3:amd64 (1.21.3-5+deb13u1) ...
Setting up libsasl2-2:amd64 (2.1.28+dfsg1-9) ...
Setting up libnghttp3-9:amd64 (1.8.0-1) ...
Setting up libwebp7:amd64 (1.5.0-0.1) ...
Setting up libgif7:amd64 (5.2.2-1+deb13u1) ...
Setting up libtiff6:amd64 (4.7.0-3+deb13u3) ...
Setting up libassuan9:amd64 (3.0.2-2) ...
Setting up gpgconf (2.4.7-21+deb13u1+b4) ...
Setting up libtasn1-6:amd64 (4.20.0-2+deb13u1) ...
Setting up libopenjp2-7:amd64 (2.5.3-2.1~deb13u2) ...
Setting up libx11-6:amd64 (2:1.8.12-1) ...
Setting up libthai-data (0.1.29-2) ...
Setting up libngtcp2-16:amd64 (1.11.0-1+deb13u1) ...
Setting up libkrb5-3:amd64 (1.21.3-5+deb13u1) ...
Setting up libicu76:amd64 (76.1-4) ...
Setting up tesseract-ocr-osd (1:4.1.0-2) ...
Setting up libssh2-1t64:amd64 (1.11.1-1+deb13u1) ...
Setting up libwebpmux3:amd64 (1.5.0-0.1) ...
Setting up libxml2:amd64 (2.12.7+dfsg+really2.9.14-2.1+deb13u3) ...
Setting up libldap2:amd64 (2.6.10+dfsg-1) ...
Setting up libksba8:amd64 (1.6.7-2+b1) ...
Setting up pinentry-curses (1.3.1-2) ...
Setting up gpg-agent (2.4.7-21+deb13u1+b4) ...
Setting up libxrender1:amd64 (1:0.9.12-1) ...
Setting up fontconfig-config (2.15.0-2.3) ...
debconf: unable to initialize frontend: Dialog
debconf: (No usable dialog-like program is installed, so the dialog based frontend cannot be used. at /usr/share/perl5/Debconf/FrontEnd/Dialog.pm line 79.)
debconf: falling back to frontend: Readline
debconf: unable to initialize frontend: Readline
debconf: (Can't locate Term/ReadLine.pm in @INC (you may need to install the Term::ReadLine module) (@INC entries checked: /etc/perl /usr/local/lib/x86_64-linux-gnu/perl/5.40.1 /usr/local/share/perl/5.40.1 /usr/lib/x86_64-linux-gnu/perl5/5.40 /usr/share/perl5 /usr/lib/x86_64-linux-gnu/perl-base /usr/lib/x86_64-linux-gnu/perl/5.40 /usr/share/perl/5.40 /usr/local/lib/site_perl) at /usr/share/perl5/Debconf/FrontEnd/Readline.pm line 8.)
debconf: falling back to frontend: Teletype
debconf: unable to initialize frontend: Teletype
debconf: (This frontend requires a controlling tty.)
debconf: falling back to frontend: Noninteractive
Setting up gpgsm (2.4.7-21+deb13u1+b4) ...
Setting up libxext6:amd64 (2:1.3.4-1+b3) ...
Setting up libleptonica6:amd64 (1.84.1-4) ...
Setting up libidn2-0:amd64 (2.3.8-2) ...
Setting up libnss3:amd64 (2:3.110-1+deb13u4) ...
Setting up libthai0:amd64 (0.1.29-2+b1) ...
Setting up libglib2.0-0t64:amd64 (2.84.4-3~deb13u3) ...
No schema files found: doing nothing.
Setting up libfreetype6:amd64 (2.13.3+dfsg-1+deb13u1) ...
Setting up libgssapi-krb5-2:amd64 (1.21.3-5+deb13u1) ...
Setting up libharfbuzz0b:amd64 (10.2.0-1+deb13u1) ...
Setting up libfontconfig1:amd64 (2.15.0-2.3) ...
Setting up libarchive13t64:amd64 (3.7.4-4+deb13u1) ...
Setting up gpg (2.4.7-21+deb13u1+b4) ...
Setting up libgnutls30t64:amd64 (3.8.9-3+deb13u4) ...
Setting up fontconfig (2.15.0-2.3) ...
Regenerating fonts cache... done.
Setting up libpango-1.0-0:amd64 (1.56.3-1) ...
Setting up libpsl5t64:amd64 (0.21.2-1.1+b1) ...
Setting up libcairo2:amd64 (1.18.4-1+b1) ...
Setting up dirmngr (2.4.7-21+deb13u1+b4) ...
Setting up librtmp1:amd64 (2.4+20151223.gitfa8646d.1-2+b5) ...
Setting up gnupg (2.4.7-21+deb13u1) ...
Setting up libgpgme11t64:amd64 (1.24.2-3) ...
Setting up libpangoft2-1.0-0:amd64 (1.56.3-1) ...
Setting up libngtcp2-crypto-gnutls8:amd64 (1.11.0-1+deb13u1) ...
Setting up libpangocairo-1.0-0:amd64 (1.56.3-1) ...
Setting up libgpgmepp6t64:amd64 (1.24.2-3) ...
Setting up libcurl4t64:amd64 (8.14.1-2+deb13u4) ...
Setting up libcurl3t64-gnutls:amd64 (8.14.1-2+deb13u4) ...
Setting up libtesseract5:amd64 (5.5.0-1+b1) ...
Setting up libpoppler147:amd64 (25.03.0-5+deb13u4) ...
Setting up tesseract-ocr (5.5.0-1+b1) ...
Setting up poppler-utils (25.03.0-5+deb13u4) ...
Processing triggers for libc-bin (2.41-12+deb13u3) ...

=> Step 3: COPY pyproject.toml README.md uv.lock /app/

=> Step 4: COPY src /app/src

=> Step 5: RUN pip install --no-cache-dir .
Looking in indexes: http://pypi-mirror.modal.local:5555/simple
Processing /app
  Installing build dependencies: started
  Installing build dependencies: finished with status 'done'
  Getting requirements to build wheel: started
  Getting requirements to build wheel: finished with status 'done'
  Preparing metadata (pyproject.toml): started
  Preparing metadata (pyproject.toml): finished with status 'done'
Collecting pdf2image>=1.17.0 (from mib-solution==0.1.0)
  Downloading http://pypi-mirror.modal.local:5555/simple/pdf2image/pdf2image-1.17.0-py3-none-any.whl.metadata (6.2 kB)
Collecting pillow>=12.3.0 (from mib-solution==0.1.0)
  Downloading http://pypi-mirror.modal.local:5555/simple/pillow/pillow-12.3.0-cp312-cp312-manylinux_2_27_x86_64.manylinux_2_28_x86_64.whl.metadata (9.1 kB)
Collecting pypdf>=5.0.0 (from mib-solution==0.1.0)
  Downloading http://pypi-mirror.modal.local:5555/simple/pypdf/pypdf-6.14.2-py3-none-any.whl.metadata (7.2 kB)
Collecting pytesseract>=0.3.13 (from mib-solution==0.1.0)
  Downloading http://pypi-mirror.modal.local:5555/simple/pytesseract/pytesseract-0.3.13-py3-none-any.whl.metadata (11 kB)
Collecting packaging>=21.3 (from pytesseract>=0.3.13->mib-solution==0.1.0)
  Downloading http://pypi-mirror.modal.local:5555/simple/packaging/packaging-26.2-py3-none-any.whl.metadata (3.5 kB)
Downloading http://pypi-mirror.modal.local:5555/simple/pdf2image/pdf2image-1.17.0-py3-none-any.whl (11 kB)
Downloading http://pypi-mirror.modal.local:5555/simple/pillow/pillow-12.3.0-cp312-cp312-manylinux_2_27_x86_64.manylinux_2_28_x86_64.whl (6.9 MB)
   ━━━━━━━━━━━━━━━━━━━━━━━━━━━━━━━━━━━━━━━━ 6.9/6.9 MB 178.9 MB/s eta 0:00:00
Downloading http://pypi-mirror.modal.local:5555/simple/pypdf/pypdf-6.14.2-py3-none-any.whl (349 kB)
Downloading http://pypi-mirror.modal.local:5555/simple/pytesseract/pytesseract-0.3.13-py3-none-any.whl (14 kB)
Downloading http://pypi-mirror.modal.local:5555/simple/packaging/packaging-26.2-py3-none-any.whl (100 kB)
Building wheels for collected packages: mib-solution
  Building wheel for mib-solution (pyproject.toml): started
  Building wheel for mib-solution (pyproject.toml): finished with status 'done'
  Created wheel for mib-solution: filename=mib_solution-0.1.0-py3-none-any.whl size=26797 sha256=c717409942fa1bf3630b25a9c53a3c3cd58d4077eefb640382136e48865acaea
  Stored in directory: /tmp/pip-ephem-wheel-cache-b93t372c/wheels/54/1b/b7/aa63e25c8f14f4f2ae7b04e6097bdecb770e455c5c1ee0a600
Successfully built mib-solution
Installing collected packages: pypdf, pillow, packaging, pytesseract, pdf2image, mib-solution
Successfully installed mib-solution-0.1.0 packaging-26.2 pdf2image-1.17.0 pillow-12.3.0 pypdf-6.14.2 pytesseract-0.3.13

[notice] A new release of pip is available: 25.0.1 -> 26.2
[notice] To update, run: pip install --upgrade pip

=> Step 6: COPY run.sh /app/run.sh

=> Step 7: RUN chmod +x /app/run.sh

=> Step 8: ENTRYPOINT ["/app/run.sh"]
Saving image...
Image saved, took 3.14s

Built image im-kMusxa5lZaMk9jG2Ay1GgJ in 34.96s


Building image im-d1lo9ACP2I0WAPD5FZtW37

=> Step 0: FROM base
Saving image...
Image saved, took 343.30ms

Built image im-d1lo9ACP2I0WAPD5FZtW37 in 1.63s


✓ Created objects.
├── 🔨 Created mount 
│   /Users/noop/dev-workspace/mib-doc-challenge/solution/modal_app.py
├── 🔨 Created mount /Users/noop/dev-workspace/mib-doc-challenge/solution/src
├── 🔨 Created mount /Users/noop/dev-workspace/mib-doc-challenge/solution
├── 🔨 Created function predict_ocr.
├── 🔨 Created function ocr_smoke.
├── 🔨 Created function smoke.
├── 🔨 Created function predict_text.
├── 🔨 Created function predict_docker.
└── 🔨 Created function docker_smoke.
scoring residual n=100 WITH OCR via Modal…
Score version: mib_weighted_v1
Cases: 100
Submitted records: 100
Scored predictions: 100
Missing cases: 0
Extra cases: 0
Duplicate case ids: 0
Invalid adjudication records: 0
Invalid confidence records: 0
Invalid fee_status records: 0
Field extraction: 34.46 / 50
Classification: 59.50 / 80
Calibration: 14.83 / 20
Missing-case penalty: -0.00 / 10
Deterministic score: 108.78 / 150
Catastrophic false approvals: 0
Mean confidence Brier: 0.1293
Confusion:
  APPROVED->APPROVED: 11
  APPROVED->NEEDS_REVIEW: 17
  DENIED->DENIED: 36
  DENIED->NEEDS_REVIEW: 16
  NEEDS_REVIEW->DENIED: 1
  NEEDS_REVIEW->NEEDS_REVIEW: 19
{
  "run_name": "promote_integrate",
  "action": "score-residual-ocr",
  "git": "3497546b0ae7805005644dffb6b3875a7f7c6e97",
  "residual_version": "seg-v1",
  "n_case_ids": 100,
  "n_preds": 100,
  "n_errors": 0,
  "errors_sample": [],
  "primary": 108.78451555555554,
  "extraction": 34.455555555555556,
  "classification": 59.5,
  "calibration": 14.828960000000002,
  "catastrophic": 0,
  "volume": "mib-data",
  "command": "modal run solution/modal_app.py --action score-residual-ocr 
--run-name promote_integrate"
}
Stopping app - local entrypoint completed.
✓ App completed. View run at 
https://modal.com/apps/musafir42/main/ap-lVlkcIbRcqIe2FgKl3RCTq
