  5/100 last=MIB-000832 tier=light 3.3s
  10/100 last=MIB-000097 tier=light 4.5s
  15/100 last=MIB-000881 tier=light 3.8s
  20/100 last=MIB-000452 tier=light 4.0s
  25/100 last=MIB-000271 tier=light 3.5s
  30/100 last=MIB-000297 tier=light 3.5s
  35/100 last=MIB-000151 tier=heavy 57.6s
  40/100 last=MIB-000745 tier=light 3.7s
  45/100 last=MIB-000404 tier=heavy 48.7s
  50/100 last=MIB-000536 tier=light 2.9s
  55/100 last=MIB-000213 tier=light 3.8s
  60/100 last=MIB-000945 tier=light 3.1s
  65/100 last=MIB-000299 tier=heavy 35.7s
  70/100 last=MIB-000002 tier=none 0.1s
  75/100 last=MIB-000030 tier=light 2.5s
  80/100 last=MIB-000047 tier=light 2.4s
  85/100 last=MIB-000027 tier=heavy 30.2s
  90/100 last=MIB-000003 tier=light 2.1s
  95/100 last=MIB-000016 tier=light 2.4s
  100/100 last=MIB-000066 tier=light 2.4s
{
  "run": "lat-tiered-auto",
  "MIB_OCR_TIER": "auto",
  "n": 100,
  "workers": 2,
  "OMP_THREAD_LIMIT": 1,
  "wall_s": 1099.66,
  "avg_s": 21.969,
  "p50_s": 3.781,
  "p95_s": 80.181,
  "tier_counts": {
    "heavy": 39,
    "none": 24,
    "light": 37
  },
  "pct_heavy": 39.0,
  "pct_light": 37.0,
  "pct_none": 24.0
}
DONE 100 → /root/dev-workspace/mib-doc-challenge/artifacts/lat-tiered/predictions_auto.jsonl
